# Copyright (c) 2010 The Chromium OS Authors. All rights reserved.
# Use of this source code is governed by a BSD-style license that can be
# found in the LICENSE file.

# Every command listed here will be executed and logged to our feedback
# mechanism. The format is comma delimted and the first term will be the key.
# if no key is provided then the command will be used as the key and the value.
#
# Lines starting with # will be ignored.
#
# Arguments will be included

CLIENT_ID,/usr/share/userfeedback/scripts/get_log "/home/chronos/Consent To Send Stats"
LOGDATE,/bin/date
Xorg.0.log,/usr/share/userfeedback/scripts/get_log /var/log/Xorg.0.log
bios_info,/usr/share/userfeedback/scripts/get_log /var/log/bios_info.txt
bios_log,cat /sys/firmware/log | /usr/share/userfeedback/scripts/get_log /dev/stdin
boot_times,/usr/share/userfeedback/scripts/get_log /tmp/boot-times-sent
chrome_log,/usr/share/userfeedback/scripts/get_log /home/chronos/user/chrome,ascii
chrome_system_log,/usr/share/userfeedback/scripts/get_log /var/log/chrome/chrome,ascii
chromeos-wm.LATEST,/usr/share/userfeedback/scripts/get_log /home/chronos/user/log/chromeos-wm.LATEST
cpu,uname -p
cpuinfo,cat /proc/cpuinfo
dmesg,/bin/dmesg
ec_info,/usr/share/userfeedback/scripts/get_log /var/log/ec_info.txt
font_info,/usr/share/userfeedback/scripts/font_info
hardware_class,crossystem hwid
hostname,hostname
hw_platform,uname -i
ifconfig,/sbin/ifconfig -a
login-times,/usr/share/userfeedback/scripts/get_log /home/chronos/user/login-times
logout-times,/usr/share/userfeedback/scripts/get_log /home/chronos/user/logout-times
lsmod,/sbin/lsmod
lspci,/usr/sbin/lspci
lsusb,/usr/sbin/lsusb
meminfo,cat /proc/meminfo
mm-status,/usr/share/userfeedback/scripts/mm-status
network-devices,/usr/bin/connectivity show devices
network-services,/usr/bin/connectivity show services
power-supply-info,power-supply-info
powerd.LATEST,/usr/share/userfeedback/scripts/get_log /var/log/power_manager/powerd.LATEST
powerd.out,/usr/share/userfeedback/scripts/get_log /var/log/power_manager/powerd.out
ps,/bin/ps ux
softwareupdate.log,/usr/share/userfeedback/scripts/get_log /var/log/softwareupdate.log
syslog,/usr/share/userfeedback/scripts/getmsgs --last '2 hours' /var/log/messages
touchpad,/opt/google/touchpad/tpcontrol status && cat /etc/gestures_version.txt
touchpad_activity,tar cf - $(ls -1t /home/chronos/user/log/touchpad_activity_* | head -n 2 ) | uuencode -m touchpad_activity_log.tar
ui_log,/usr/share/userfeedback/scripts/get_log /var/log/ui/ui.LATEST
uname,/bin/uname -a
update_engine.log,cat $(ls -1tr /var/log/update_engine | tail -5 | sed s.^./var/log/update_engine/.) | /usr/share/userfeedback/scripts/get_log /dev/stdin 2000
verified boot,/usr/share/userfeedback/scripts/get_log /var/log/debug_vboot_noisy.log
vpd_2.0,/usr/share/userfeedback/scripts/get_log /var/log/vpd_2.0.txt
setxkbmap,/usr/bin/setxkbmap -print -query
wifi_status,/usr/bin/network_diagnostics --wifi --no-log
