# Copyright (c) 2010 The Chromium OS Authors. All rights reserved.
# Use of this source code is governed by a BSD-style license that can be
# found in the LICENSE file.

# Every command listed here will be executed and logged to our feedback
# mechanism. The format is comma delimted and the first term will be the key.
# if no key is provided then the command will be used as the key and the value.
#
# Lines starting with # will be ignored. 
#
# Arguments will be included

CLIENT_ID,/usr/share/userfeedback/scripts/get_client_id
LOGDATE,/bin/date
Xorg.0.log,cat /var/log/Xorg.0.log
boot_times,cat /tmp/boot-times-sent
chrome_log,cat /home/chronos/user/chrome_log,ascii
chrome_system_log,cat /home/chronos/chrome_log,ascii
chromeos-wm.LATEST,cat /home/chronos/user/log/chromeos-wm.LATEST
cpu,uname -p
cpuinfo,cat /proc/cpuinfo
dmesg,/bin/dmesg
fontconfig.log,cat /var/log/fontconfig.log
hardware_class,/usr/bin/hardware_class
hostname,hostname
hw_platform,uname -i
ifconfig,/sbin/ifconfig -a
libcros_log,tail --bytes=10K /var/log/libcros_log
login_times,cat /tmp/login-times-sent
lsmod,/usr/sbin/lsmod
lspci,/usr/sbin/lspci
lsusb,/usr/sbin/lsusb
meminfo,cat /proc/meminfo
mm-status,/usr/lib/flimflam/test/mm-status
powerd.LATEST,cat /var/log/power_manager/powerd.LATEST
powerd.out,cat /var/log/power_manager/powerd.out
ps,/bin/ps ux
softwareupdate.log,cat /var/log/softwareupdate.log
syslog,/usr/share/userfeedback/scripts/getmsgs --last '2 hours' /var/log/messages
trackpad,/usr/bin/synclient -l
uname,/bin/uname -a
update_engine.log,cat /var/log/update_engine.log
wpa_supplicant,/usr/share/userfeedback/scripts/getmsgs --last '30 minutes' /var/log/hostap.log
